// Jest Snapshot v1, https://goo.gl/fbAQLP

exports[`PadSplit render normally 1`] = `
<div
  className="PadSplit"
>
  <Header
    currentContext={
      Array [
        Object {
          "key": "test",
          "value": "testValue",
        },
      ]
    }
    engineClient={Object {}}
    isDeploying={false}
    onContextChange={[Function]}
    onDeploy={[Function]}
    onDownload={[Function]}
    onFork={[Function]}
    onLogin={[Function]}
    onLogout={[Function]}
    onReset={[Function]}
    onSetDescription={[Function]}
    onSetTitle={[Function]}
    pad={
      Object {
        "code": "code",
        "context": Array [
          Object {
            "key": "secret",
            "value": "secret",
          },
        ],
        "defaultQuery": "{ hello }",
        "defaultVariables": null,
        "dependencies": Array [
          Object {
            "name": "graphql-js",
            "version": "0.8.9",
          },
        ],
        "deployedCode": "deployed code",
        "description": "Description 1",
        "draft": null,
        "id": "fakeid1",
        "title": "Fake 1",
        "token": "test-token-2",
        "url": "http://example.com",
        "user": Object {
          "githubUsername": "example",
          "id": "test-ids",
          "pads": Array [],
        },
      }
    }
    user={
      Object {
        "githubUsername": "example",
        "id": "test-ids",
        "pads": Array [],
      }
    }
  />
  <div
    className="PadSplit-Main"
  >
    <div
      className="PadSplit-Editors"
    >
      <SplitPane
        allowResize={true}
        defaultSize="50%"
        minSize={50}
        prefixer={
          Prefixer {
            "_browserInfo": Object {
              "browserName": "safari",
              "browserVersion": 7,
              "cssPrefix": "-webkit-",
              "jsPrefix": "Webkit",
              "name": "Safari",
              "osVersion": 7,
              "osversion": "7",
              "safari": true,
              "webkit": true,
              "windows": true,
              "x": true,
            },
            "_hasPropsRequiringPrefix": true,
            "_keepUnprefixed": false,
            "_metaData": Object {
              "browserName": "safari",
              "browserVersion": 7,
              "cssPrefix": "-webkit-",
              "jsPrefix": "Webkit",
              "keepUnprefixed": false,
              "requiresPrefix": Object {
                "alignContent": true,
                "alignItems": true,
                "alignSelf": true,
                "animation": true,
                "animationDelay": true,
                "animationDirection": true,
                "animationDuration": true,
                "animationFillMode": true,
                "animationIterationCount": true,
                "animationName": true,
                "animationPlayState": true,
                "animationTimingFunction": true,
                "appearance": true,
                "backdropFilter": true,
                "backfaceVisibility": true,
                "boxDecorationBreak": true,
                "breakAfter": true,
                "breakBefore": true,
                "breakInside": true,
                "clipPath": true,
                "columnCount": true,
                "columnFill": true,
                "columnGap": true,
                "columnRule": true,
                "columnRuleColor": true,
                "columnRuleStyle": true,
                "columnRuleWidth": true,
                "columnSpan": true,
                "columnWidth": true,
                "columns": true,
                "filter": true,
                "flex": true,
                "flexBasis": true,
                "flexDirection": true,
                "flexFlow": true,
                "flexGrow": true,
                "flexShrink": true,
                "flexWrap": true,
                "flowFrom": true,
                "flowInto": true,
                "fontKerning": true,
                "hyphens": true,
                "justifyContent": true,
                "mask": true,
                "maskBorder": true,
                "maskBorderMode": true,
                "maskBorderOutset": true,
                "maskBorderRepeat": true,
                "maskBorderSlice": true,
                "maskBorderSource": true,
                "maskBorderWidth": true,
                "maskClip": true,
                "maskComposite": true,
                "maskImage": true,
                "maskMode": true,
                "maskOrigin": true,
                "maskPosition": true,
                "maskRepeat": true,
                "maskSize": true,
                "maskType": true,
                "order": true,
                "perspective": true,
                "perspectiveOrigin": true,
                "regionFragment": true,
                "scrollSnapCoordinate": true,
                "scrollSnapDestination": true,
                "scrollSnapPointsX": true,
                "scrollSnapPointsY": true,
                "scrollSnapType": true,
                "shapeImageMargin": true,
                "shapeImageOutside": true,
                "shapeImageThreshold": true,
                "textDecorationColor": true,
                "textDecorationLine": true,
                "textDecorationSkip": true,
                "textDecorationStyle": true,
                "transform": true,
                "transformOrigin": true,
                "transformOriginX": true,
                "transformOriginY": true,
                "transformOriginZ": true,
                "transformStyle": true,
                "userSelect": true,
              },
            },
            "_requiresPrefix": Object {
              "alignContent": true,
              "alignItems": true,
              "alignSelf": true,
              "animation": true,
              "animationDelay": true,
              "animationDirection": true,
              "animationDuration": true,
              "animationFillMode": true,
              "animationIterationCount": true,
              "animationName": true,
              "animationPlayState": true,
              "animationTimingFunction": true,
              "appearance": true,
              "backdropFilter": true,
              "backfaceVisibility": true,
              "boxDecorationBreak": true,
              "breakAfter": true,
              "breakBefore": true,
              "breakInside": true,
              "clipPath": true,
              "columnCount": true,
              "columnFill": true,
              "columnGap": true,
              "columnRule": true,
              "columnRuleColor": true,
              "columnRuleStyle": true,
              "columnRuleWidth": true,
              "columnSpan": true,
              "columnWidth": true,
              "columns": true,
              "filter": true,
              "flex": true,
              "flexBasis": true,
              "flexDirection": true,
              "flexFlow": true,
              "flexGrow": true,
              "flexShrink": true,
              "flexWrap": true,
              "flowFrom": true,
              "flowInto": true,
              "fontKerning": true,
              "hyphens": true,
              "justifyContent": true,
              "mask": true,
              "maskBorder": true,
              "maskBorderMode": true,
              "maskBorderOutset": true,
              "maskBorderRepeat": true,
              "maskBorderSlice": true,
              "maskBorderSource": true,
              "maskBorderWidth": true,
              "maskClip": true,
              "maskComposite": true,
              "maskImage": true,
              "maskMode": true,
              "maskOrigin": true,
              "maskPosition": true,
              "maskRepeat": true,
              "maskSize": true,
              "maskType": true,
              "order": true,
              "perspective": true,
              "perspectiveOrigin": true,
              "regionFragment": true,
              "scrollSnapCoordinate": true,
              "scrollSnapDestination": true,
              "scrollSnapPointsX": true,
              "scrollSnapPointsY": true,
              "scrollSnapType": true,
              "shapeImageMargin": true,
              "shapeImageOutside": true,
              "shapeImageThreshold": true,
              "textDecorationColor": true,
              "textDecorationLine": true,
              "textDecorationSkip": true,
              "textDecorationStyle": true,
              "transform": true,
              "transformOrigin": true,
              "transformOriginX": true,
              "transformOriginY": true,
              "transformOriginZ": true,
              "transformStyle": true,
              "userSelect": true,
            },
            "_userAgent": "Mozilla/5.0 (Windows NT 6.1) AppleWebKit/537.2 (KHTML, like Gecko) Safari/537.2",
            "prefixedKeyframes": "-webkit-keyframes",
          }
        }
        primary="first"
        split="vertical"
      >
        <div
          className="PadSplit-Left"
        >
          <div
            className="PadSplit-EditorWrapper"
          >
            <Editor
              canEdit={true}
              code="test"
              onChange={[Function]}
            />
          </div>
          <div
            className="PadSplit-Logs"
          />
        </div>
        <div
          className="PadSplit-Right"
        >
          <GraphiQLWrapper
            isDeploying={false}
            onSetDefaultQuery={[Function]}
            pad={
              Object {
                "code": "code",
                "context": Array [
                  Object {
                    "key": "secret",
                    "value": "secret",
                  },
                ],
                "defaultQuery": "{ hello }",
                "defaultVariables": null,
                "dependencies": Array [
                  Object {
                    "name": "graphql-js",
                    "version": "0.8.9",
                  },
                ],
                "deployedCode": "deployed code",
                "description": "Description 1",
                "draft": null,
                "id": "fakeid1",
                "title": "Fake 1",
                "token": "test-token-2",
                "url": "http://example.com",
                "user": Object {
                  "githubUsername": "example",
                  "id": "test-ids",
                  "pads": Array [],
                },
              }
            }
            user={
              Object {
                "githubUsername": "example",
                "id": "test-ids",
                "pads": Array [],
              }
            }
          />
        </div>
      </SplitPane>
    </div>
  </div>
  <Footer
    canSeeLogs={true}
    error={null}
    isDeployed={undefined}
    isDraft={undefined}
    isLogOpen={false}
    onLogClose={[Function]}
    onLogOpen={[Function]}
    onModalOpen={[Function]}
    onResetLinkClick={[Function]}
    url="http://example.com"
  />
  <Modal
    isOpen={true}
    onRequestClose={[Function]}
    shouldCloseOnOverlayClick={false}
    title="Thanks for using Launchpad!"
  >
    <p>
      We will be sunsetting Launchpad on 
      <strong>
        December 15, 2018
      </strong>
       
      now that our hosting platform, Auth0 Extend, is 
      <a
        href="https://goextend.io/blog/we-are-sunsetting-extend"
        rel="noopener noreferrer"
        target="_blank"
      >
        discontinuing their service
      </a>
      . We decided to not invest time into moving to another service because more full-featured Apollo Server playgrounds currently exist. Please migrate all examples to either 
      <a
        href="https://codesandbox.io/s/apollo-server"
        rel="noopener noreferrer"
        target="_blank"
      >
        <strong>
          CodeSandbox
        </strong>
      </a>
       or 
      <a
        href="https://glitch.com/~apollo-launchpad"
        rel="noopener noreferrer"
        target="_blank"
      >
        <strong>
          Glitch
        </strong>
      </a>
       
      before 
      <strong>
        December 15, 2018
      </strong>
       so you don't lose your work.
    </p>
    <p>
      Thanks for your support and all of your creative examples over the years! We can't wait to see what you build on 
      <a
        href="https://codesandbox.io/s/apollo-server"
        rel="noopener noreferrer"
        target="_blank"
      >
        <strong>
          CodeSandbox
        </strong>
      </a>
       and
       
      <a
        href="https://glitch.com/~apollo-launchpad"
        rel="noopener noreferrer"
        target="_blank"
      >
        <strong>
          Glitch
        </strong>
      </a>
      . If you have any questions, please reach out to the Apollo team on 
      <a
        href="https://twitter.com/apollographql"
        rel="noopener noreferrer"
        target="_blank"
      >
        Twitter
      </a>
       or 
      <a
        href="https://www.apollographql.com/slack/"
        rel="noopener noreferrer"
        target="_blank"
      >
        Slack
      </a>
      .
    </p>
    <div
      className="welcome-modal-start-wrapper"
    >
      <button
        className="welcome-modal-start btn primary"
        onClick={[Function]}
      >
        Migrate my Launchpads
      </button>
    </div>
  </Modal>
  <Modal
    isOpen={false}
    onRequestClose={[Function]}
    title="Edit Server Secrets"
  >
    <ContextEditor
      context={
        Array [
          Object {
            "key": "test",
            "value": "testValue",
          },
        ]
      }
      onChange={[Function]}
    />
  </Modal>
  <Modal
    isOpen={false}
    onRequestClose={[Function]}
    title="npm Dependencies"
  >
    <Dependencies
      dependencies={
        Array [
          Object {
            "name": "graphql-js",
            "version": "0.8.9",
          },
        ]
      }
    />
  </Modal>
</div>
`;
